// Jest Snapshot v1, https://goo.gl/fbAQLP

exports[`Footer renders correctly 1`] = `
<footer>
  <p>
    Â© 
    2020
     
    Headless
    . A Gatsby/WP starter by
     
    <a
      href="https://twitter.com/arnonate"
    >
      .
    </a>
  </p>
  <p>
    <a
      href="https://github.com/arnonate/gatbsy-wordpress-starter"
    >
      View on GitHub
    </a>
  </p>
</footer>
`;
