// Jest Snapshot v1, https://goo.gl/fbAQLP

exports[`Header renders correctly 1`] = `
<header>
  <div
    class="styled-header"
  >
    <div
      class="girdle flex flex-column flex-center"
    >
      <div
        class="logo"
      >
        <a
          href="/"
          title="Go to Home Page"
        >
          <div
            class="gastby-image gatsby-image-wrapper"
            style="position: relative; overflow: hidden;"
          >
            <div
              aria-hidden="true"
              style="width: 100%; padding-bottom: 100%;"
            />
            <picture>
              <source
                sizes="img sizes"
                srcset="img srcSet"
              />
              <img
                alt="Headless"
                loading="lazy"
                sizes="img sizes"
                src="img src"
                srcset="img srcSet"
                style="position: absolute; top: 0px; left: 0px; width: 100%; height: 100%; object-fit: cover; object-position: center; opacity: 0; transition: opacity 500ms;"
              />
            </picture>
            <noscript>
              &lt;picture&gt;&lt;source srcset="img srcSet" sizes="img sizes" /&gt;&lt;img loading="lazy" sizes="img sizes" srcset="img srcSet" src="img src" alt="Headless" style="position:absolute;top:0;left:0;opacity:1;width:100%;height:100%;object-fit:cover;object-position:center"/&gt;&lt;/picture&gt;
            </noscript>
          </div>
        </a>
      </div>
      <nav
        aria-label="Primary"
      >
        <ul
          class="nav flex flex-between"
        >
          <li>
            <a
              href="/"
            >
              HOME
            </a>
          </li>
          <li>
            <a
              href="/about/"
            >
              ABOUT
            </a>
          </li>
        </ul>
      </nav>
    </div>
  </div>
</header>
`;
